// Vitest Snapshot v1, https://vitest.dev/guide/snapshot.html

exports[`App > should render users 1`] = `<div />`;
